expected_answer: [
"aabbccccbbaa"
"aabcbccbcbaa"
"aabccbbccbaa"
"aacbbccbbcaa"
"aacbcbbcbcaa"
"aaccbbbbccaa"
"ababccccbaba"
"abacbccbcaba"
"abaccbbccaba"
"abbaccccabba"
"abbcaccacbba"
"abbccaaccbba"
"abcabccbacba"
"abcacbbcacba"
"abcbaccabcba"
"abcbcaacbcba"
"abccabbaccba"
"abccbaabccba"
"acabbccbbaca"
"acabcbbcbaca"
"acacbbbbcaca"
"acbabccbabca"
"acbacbbcabca"
"acbbaccabbca"
"acbbcaacbbca"
"acbcabbacbca"
"acbcbaabcbca"
"accabbbbacca"
"accbabbabcca"
"accbbaabbcca"
"baabccccbaab"
"baacbccbcaab"
"baaccbbccaab"
"babaccccabab"
"babcaccacbab"
"babccaaccbab"
"bacabccbacab"
"bacacbbcacab"
"bacbaccabcab"
"bacbcaacbcab"
"baccabbaccab"
"baccbaabccab"
"bbaaccccaabb"
"bbacaccacabb"
"bbaccaaccabb"
"bbcaaccaacbb"
"bbcacaacacbb"
"bbccaaaaccbb"
"bcaabccbaacb"
"bcaacbbcaacb"
"bcabaccabacb"
"bcabcaacbacb"
"bcacabbacacb"
"bcacbaabcacb"
"bcbaaccaabcb"
"bcbacaacabcb"
"bcbcaaaacbcb"
"bccaabbaaccb"
"bccabaabaccb"
"bccbaaaabccb"
"caabbccbbaac"
"caabcbbcbaac"
"caacbbbbcaac"
"cababccbabac"
"cabacbbcabac"
"cabbaccabbac"
"cabbcaacbbac"
"cabcabbacbac"
"cabcbaabcbac"
"cacabbbbacac"
"cacbabbabcac"
"cacbbaabbcac"
"cbaabccbaabc"
"cbaacbbcaabc"
"cbabaccababc"
"cbabcaacbabc"
"cbacabbacabc"
"cbacbaabcabc"
"cbbaaccaabbc"
"cbbacaacabbc"
"cbbcaaaacbbc"
"cbcaabbaacbc"
"cbcabaabacbc"
"cbcbaaaabcbc"
"ccaabbbbaacc"
"ccababbabacc"
"ccabbaabbacc"
"ccbaabbaabcc"
"ccbabaababcc"
"ccbbaaaabbcc"
]
